// Jest Snapshot v1, https://goo.gl/fbAQLP

exports[`<App /> with Redux Initializes successfully 1`] = `
<Provider
  store={
    Object {
      "dispatch": [Function],
      "getState": [Function],
      "replaceReducer": [Function],
      "subscribe": [Function],
      Symbol(observable): [Function],
    }
  }
>
  <Connect(App)>
    <App
      fetchWeathersForSelectedCities={[Function]}
      selectedCities={Array []}
    >
      <div
        className="container app"
      >
        <div
          className="row w-100"
        >
          <div
            className="col-4 shadow city-button-wrapper"
          >
            <div
              className="row header"
            >
              <div
                className="col-12 my-4"
              >
                <h1>
                  Cities
                </h1>
              </div>
              <Connect(CityList)>
                <CityList
                  cities={
                    Array [
                      Object {
                        "cityName": "Berlin",
                        "countryCode": "de",
                      },
                      Object {
                        "cityName": "Potsdam",
                        "countryCode": "de",
                      },
                      Object {
                        "cityName": "Soest",
                        "countryCode": "de",
                      },
                      Object {
                        "cityName": "Jakarta",
                        "countryCode": "id",
                      },
                      Object {
                        "cityName": "Bangkok",
                        "countryCode": "th",
                      },
                      Object {
                        "cityName": "Moscow",
                        "countryCode": "ru",
                      },
                    ]
                  }
                  dispatch={[Function]}
                >
                  <div
                    className="col-12"
                  >
                    <Connect(CityButton)
                      cityName="Berlin"
                      countryCode="de"
                      key="Berlin"
                    >
                      <CityButton
                        cityName="Berlin"
                        countryCode="de"
                        selectCity={[Function]}
                        updateCitiesErrorMessage={[Function]}
                      >
                        <div
                          className="py-2"
                        >
                          <button
                            className="btn btn-outline-secondary btn-lg city-button"
                            onClick={[Function]}
                          >
                            Berlin
                          </button>
                        </div>
                      </CityButton>
                    </Connect(CityButton)>
                    <Connect(CityButton)
                      cityName="Potsdam"
                      countryCode="de"
                      key="Potsdam"
                    >
                      <CityButton
                        cityName="Potsdam"
                        countryCode="de"
                        selectCity={[Function]}
                        updateCitiesErrorMessage={[Function]}
                      >
                        <div
                          className="py-2"
                        >
                          <button
                            className="btn btn-outline-secondary btn-lg city-button"
                            onClick={[Function]}
                          >
                            Potsdam
                          </button>
                        </div>
                      </CityButton>
                    </Connect(CityButton)>
                    <Connect(CityButton)
                      cityName="Soest"
                      countryCode="de"
                      key="Soest"
                    >
                      <CityButton
                        cityName="Soest"
                        countryCode="de"
                        selectCity={[Function]}
                        updateCitiesErrorMessage={[Function]}
                      >
                        <div
                          className="py-2"
                        >
                          <button
                            className="btn btn-outline-secondary btn-lg city-button"
                            onClick={[Function]}
                          >
                            Soest
                          </button>
                        </div>
                      </CityButton>
                    </Connect(CityButton)>
                    <Connect(CityButton)
                      cityName="Jakarta"
                      countryCode="id"
                      key="Jakarta"
                    >
                      <CityButton
                        cityName="Jakarta"
                        countryCode="id"
                        selectCity={[Function]}
                        updateCitiesErrorMessage={[Function]}
                      >
                        <div
                          className="py-2"
                        >
                          <button
                            className="btn btn-outline-secondary btn-lg city-button"
                            onClick={[Function]}
                          >
                            Jakarta
                          </button>
                        </div>
                      </CityButton>
                    </Connect(CityButton)>
                    <Connect(CityButton)
                      cityName="Bangkok"
                      countryCode="th"
                      key="Bangkok"
                    >
                      <CityButton
                        cityName="Bangkok"
                        countryCode="th"
                        selectCity={[Function]}
                        updateCitiesErrorMessage={[Function]}
                      >
                        <div
                          className="py-2"
                        >
                          <button
                            className="btn btn-outline-secondary btn-lg city-button"
                            onClick={[Function]}
                          >
                            Bangkok
                          </button>
                        </div>
                      </CityButton>
                    </Connect(CityButton)>
                    <Connect(CityButton)
                      cityName="Moscow"
                      countryCode="ru"
                      key="Moscow"
                    >
                      <CityButton
                        cityName="Moscow"
                        countryCode="ru"
                        selectCity={[Function]}
                        updateCitiesErrorMessage={[Function]}
                      >
                        <div
                          className="py-2"
                        >
                          <button
                            className="btn btn-outline-secondary btn-lg city-button"
                            onClick={[Function]}
                          >
                            Moscow
                          </button>
                        </div>
                      </CityButton>
                    </Connect(CityButton)>
                  </div>
                </CityList>
              </Connect(CityList)>
              <Connect(CityInput)>
                <CityInput
                  citiesErrorMessage=""
                  selectCity={[Function]}
                  updateCitiesErrorMessage={[Function]}
                >
                  <div
                    className="col-12 py-2"
                  >
                    <input
                      className="form-control form-control-lg"
                      onChange={[Function]}
                      onKeyDown={[Function]}
                      placeholder="e.g. Berlin,de"
                      type="text"
                      value=""
                    />
                    <div
                      className="text-left text-danger mt-1"
                    />
                  </div>
                </CityInput>
              </Connect(CityInput)>
            </div>
          </div>
          <div
            className="col-8"
          >
            <Connect(WeatherDisplay)>
              <WeatherDisplay
                fetchWeathersForSelectedCities={[Function]}
                weathers={Array []}
              >
                <div />
              </WeatherDisplay>
            </Connect(WeatherDisplay)>
            <Connect(DiffDisplay)>
              <DiffDisplay
                dispatch={[Function]}
                weathers={Array []}
              >
                <div />
              </DiffDisplay>
            </Connect(DiffDisplay)>
          </div>
        </div>
      </div>
    </App>
  </Connect(App)>
</Provider>
`;
